ets Jun  8 2016 00:22:57

rst:0x1 (POWERON_RESET),boot:0x17 (SPI_FAST_FLASH_BOOT)
configsip: 0, SPIWP:0xee
clk_drv:0x00,q_drv:0x00,d_drv:0x00,cs0_drv:0x00,hd_drv:0x00,wp_drv:0x00
mode:DIO, clock div:2
load:0x3fff0018,len:4
load:0x3fff001c,len:6072
load:0x40078000,len:9852
load:0x40080400,len:6408
entry 0x40080728
I (28) boot: ESP-IDF v3.3-beta3 2nd stage bootloader
I (28) boot: compile time 15:48:57
I (28) boot: Enabling RNG early entropy source...
I (33) boot: SPI Speed      : 40MHz
I (37) boot: SPI Mode       : DIO
I (41) boot: SPI Flash Size : 4MB
I (45) boot: Partition Table:
I (49) boot: ## Label            Usage          Type ST Offset   Length
I (56) boot:  0 nvs              WiFi data        01 02 00009000 00006000
I (64) boot:  1 phy_init         RF data          01 01 0000f000 00001000
I (71) boot:  2 factory          factory app      00 00 00010000 00200000
I (79) boot: End of partition table
I (83) esp_image: segment 0: paddr=0x00010020 vaddr=0x3f400020 size=0x33880 (211072) map
I (165) esp_image: segment 1: paddr=0x000438a8 vaddr=0x3ffbdb60 size=0x035dc ( 13788) load
I (170) esp_image: segment 2: paddr=0x00046e8c vaddr=0x40080000 size=0x00400 (  1024) load
0x40080000: _WindowOverflow4 at C:/msys32/home/AKAEM/esp/esp-idf/components/freertos/xtensa_vectors.S:1779

I (172) esp_image: segment 3: paddr=0x00047294 vaddr=0x40080400 size=0x08d7c ( 36220) load
I (195) esp_image: segment 4: paddr=0x00050018 vaddr=0x400d0018 size=0xcb5f0 (833008) map
0x400d0018: _flash_cache_start at ??:?

I (484) esp_image: segment 5: paddr=0x0011b610 vaddr=0x4008917c size=0x0d8e4 ( 55524) load
0x4008917c: r_lld_evt_restart at ??:?

I (519) boot: Loaded app from partition at offset 0x10000
I (519) boot: Disabling RNG early entropy source...
I (519) cpu_start: Pro cpu up.
I (523) cpu_start: Application information:
I (528) cpu_start: Project name:     blemqttproxy
I (533) cpu_start: App version:      0.32-5-gca73618
I (539) cpu_start: Compile time:     May 14 2019 20:13:54
I (545) cpu_start: ELF file SHA256:  0274503ee1ba304d...
I (551) cpu_start: ESP-IDF:          v3.3-beta3
I (556) cpu_start: Starting app cpu, entry point is 0x40081154
0x40081154: call_start_cpu1 at C:/msys32/home/AKAEM/esp/esp-idf/components/esp32/cpu_start.c:267

I (0) cpu_start: App cpu up.
I (566) heap_init: Initializing. RAM available for dynamic allocation:
I (573) heap_init: At 3FFAFF10 len 000000F0 (0 KiB): DRAM
I (579) heap_init: At 3FFB6388 len 00001C78 (7 KiB): DRAM
I (585) heap_init: At 3FFB9A20 len 00004108 (16 KiB): DRAM
I (591) heap_init: At 3FFBDB5C len 00000004 (0 KiB): DRAM
I (598) heap_init: At 3FFCE748 len 000118B8 (70 KiB): DRAM
I (604) heap_init: At 3FFE0440 len 00003AE0 (14 KiB): D/IRAM
I (610) heap_init: At 3FFE4350 len 0001BCB0 (111 KiB): D/IRAM
I (616) heap_init: At 40096A60 len 000095A0 (37 KiB): IRAM
I (623) cpu_start: Pro cpu start user code
I (305) cpu_start: Starting scheduler on PRO CPU.
I (0) cpu_start: Starting scheduler on APP CPU.
I (328) BLEMQTTPROXY: read_blemqttproxy_param: read param ok, beacon mask 1023
I (328) wifi: wifi driver task: 3ffbd6a8, prio:23, stack:3584, core=0
I (328) wifi: wifi firmware version: 7240fb7
I (328) wifi: config NVS flash: disabled
I (338) wifi: config nano formating: disabled
I (338) system_api: Base MAC address is not set, read default base MAC address from BLK0 of EFUSE
I (348) system_api: Base MAC address is not set, read default base MAC address from BLK0 of EFUSE
I (358) wifi: Init dynamic tx buffer num: 32
I (368) wifi: Init data frame dynamic rx buffer num: 32
I (368) wifi: Init management frame dynamic rx buffer num: 32
I (378) wifi: Init management short buffer num: 32
I (378) wifi: Init static rx buffer size: 1600
I (378) wifi: Init static rx buffer num: 10
I (388) wifi: Init dynamic rx buffer num: 32
I (388) BLEMQTTPROXY: start the WIFI SSID:[W12]
I (488) phy: phy_version: 4100, 2a5dd04, Jan 23 2019, 21:00:07, 0, 0
I (488) wifi: mode : sta (30:ae:a4:26:5b:f8)
I (488) BLEMQTTPROXY: Waiting for wifi
I (608) wifi: new:<1,0>, old:<1,0>, ap:<255,255>, sta:<1,0>, prof:1
I (1458) wifi: state: init -> auth (b0)
I (1468) wifi: state: auth -> assoc (0)
I (1468) wifi: state: assoc -> run (10)
I (1488) wifi: connected with W12, channel 1, bssid = ec:08:6b:8a:ae:3a
I (1488) wifi: pm start, type: 1

I (2328) event: sta ip: 192.168.2.152, mask: 255.255.255.0, gw: 192.168.2.1
I (2328) system_api: Base MAC address is not set, read default base MAC address from BLK0 of EFUSE
I (2338) gpio: GPIO[0]| InputEn: 1| OutputEn: 0| OpenDrain: 0| Pullup: 1| Pulldown: 0| Intr:3
I (2338) BTDM_INIT: BT controller compile version [484c057]
I (2348) MQTT_CLIENT: Sending MQTT CONNECT message, type: 1, id: 0000
I (2358) system_api: Base MAC address is not set, read default base MAC address from BLK0 of EFUSE
I (2728) SSD1306: OLED configured successfully
I (2738) BLEMQTTPROXY: init_owb_tempsensor: find devices
I (2738) BLEMQTTPROXY: Found device(s): 0
E (2738) BLEMQTTPROXY: init_owb_tempsensor: found 0 devices, expected 1 device
I (2858) BLEMQTTPROXY: (0x00070002) rssi -56 | temp  20.8 | hum  34.2 | x +25602 | y -16131 | z +21183 | batt 3042
I (3308) BLEMQTTPROXY: (0x00070005) rssi -61 | temp  20.8 | hum  34.2 | x +16638 | y +14851 | z -17857 | batt 3012
I (3508) BLEMQTTPROXY: (0x00070004) rssi -60 | temp  20.8 | hum  34.5 | x -12545 | y +30720 | z +24639 | batt 3006
I (3558) BLEMQTTPROXY: (0x00070001) rssi -81 | temp   9.5 | hum  39.3 | x  +4858 | y +21754 | z  +9791 | batt 3030
I (3858) BLEMQTTPROXY: (0x00070002) rssi -55 | temp  20.8 | hum  34.2 | x +25602 | y -16131 | z +21183 | batt 3042
I (4158) BLEMQTTPROXY: (0x00070003) rssi -55 | temp  20.7 | hum  34.1 | x  +9983 | y +26112 | z  +7231 | batt 3012
I (4308) BLEMQTTPROXY: (0x00070005) rssi -61 | temp  20.8 | hum  34.2 | x +16638 | y +14851 | z -17857 | batt 3012
I (4508) BLEMQTTPROXY: (0x00070004) rssi -64 | temp  20.8 | hum  34.5 | x -12545 | y +30720 | z +24639 | batt 3006
I (4558) BLEMQTTPROXY: (0x00070001) rssi -77 | temp   9.5 | hum  39.3 | x  +4858 | y +21754 | z  +9791 | batt 3030
I (4858) BLEMQTTPROXY: (0x00070002) rssi -55 | temp  20.8 | hum  34.2 | x +25602 | y -16131 | z +21183 | batt 3042
I (5158) BLEMQTTP